{"name": "student-primary-SA51200.tar.gz", "url": "https://github.com/Jr-kelly/artgym/releases/download/wuji-unified-student-20261001-v1/student-primary-SA51200.tar.gz", "sha256": "94a17c440a224ef9d25f22aa1996c0ee3be7514a6aa33165b45bec3fb45b0fb8", "authentication": "none"}
{"name": "teacher-paired-four-sources.mp4", "url": "https://github.com/Jr-kelly/artgym/releases/download/wuji-unified-student-20261001-v1/teacher-paired-four-sources.mp4", "sha256": "6378ff540cd0ed7dbbbff3dce79acc5575f284936a3ac060c8ef8ad54121ca00", "authentication": "none"}
{"name": "student-four-sources.mp4", "url": "https://github.com/Jr-kelly/artgym/releases/download/wuji-unified-student-20261001-v1/student-four-sources.mp4", "sha256": "c9263d4b1735e99ec932c57230866d2313c56adc6a91fb20c793907f0921d38b", "authentication": "none"}
{"name": "teacher-student-fixed-comparison.mp4", "url": "https://github.com/Jr-kelly/artgym/releases/download/wuji-unified-student-20261001-v1/teacher-student-fixed-comparison.mp4", "sha256": "11c91b1e31037c2f6c7674718517c0cac66174ec367f5d7b7e0f7d441a0ec02a", "authentication": "none"}
{"name": "student-original-failure-trace.mp4", "url": "https://github.com/Jr-kelly/artgym/releases/download/wuji-unified-student-20261001-v1/student-original-failure-trace.mp4", "sha256": "8c2d79b181daae71df6385b339cebc95d06d48a2a0e32bb91ccb6665a73c107a", "authentication": "none"}
Importing module 'gym_38' (/home/agiuser/miniconda3/envs/artgym/opt/IsaacGym_Preview_TacSL_Package/isaacgym/python/isaacgym/_bindings/linux-x86_64/gym_38.so)
Setting GYM_USD_PLUG_INFO_PATH to /home/agiuser/miniconda3/envs/artgym/opt/IsaacGym_Preview_TacSL_Package/isaacgym/python/isaacgym/_bindings/linux-x86_64/usd/plugInfo.json
PyTorch version 2.1.0+cu118
Device count 0
/home/agiuser/miniconda3/envs/artgym/opt/IsaacGym_Preview_TacSL_Package/isaacgym/python/isaacgym/_bindings/src/gymtorch
Using /home/agiuser/.cache/torch_extensions/py38_cu118 as PyTorch extensions root...
Emitting ninja build file /home/agiuser/.cache/torch_extensions/py38_cu118/gymtorch/build.ninja...
Building extension module gymtorch...
Allowing ninja to set a default number of workers... (overridable by setting the environment variable MAX_JOBS=N)
ninja: no work to do.
Loading extension module gymtorch...
Gym has been unmaintained since 2022 and does not support NumPy 2.0 amongst other critical functionality.
Please upgrade to Gymnasium, the maintained drop-in replacement of Gym, or contact the authors of your software and request that they upgrade.
Users of this version of Gym should be able to simply replace 'import gym' with 'import gymnasium as gym' in the vast majority of cases.
See the migration guide at https://gymnasium.farama.org/introduction/migration_guide/ for additional information.
build mlp: 40
build mlp: 76
build mlp: 192
build mlp: 40
build mlp: 76
build mlp: 192
{"checkpoint": "/tmp/wuji-student-public-20261001-final/restored/runs/unified-student-20261001/SA-real-51200/step_051200.pth", "sha256": "16202c4ee4c60d37391108ebb9318fd9d4e1eb4cecbaef21965d5249f1328bf9", "saved_steps": 51200, "next_steps": 51201, "restored_next_update_identical": true, "finite_encoder_and_optimizer": true, "has_rng": ["torch", "cuda", "numpy", "python"], "cpu_rng_draws_identical": true, "cuda_rng_payloads": 1, "cuda_rng_execution_tested": false, "frozen_hash": "f8775c12963a51e1adc225b1fdd107df71eb0bc6b7e1291845ad410693361232", "scope": "CPU restoration of encoder/Adam and Python/NumPy/Torch RNG; CUDA RNG payload validated but not executed by this CPU audit. Physics resumes with new declared episodes, not serialized PhysX"}
Importing module 'gym_38' (/home/agiuser/miniconda3/envs/artgym/opt/IsaacGym_Preview_TacSL_Package/isaacgym/python/isaacgym/_bindings/linux-x86_64/gym_38.so)
Setting GYM_USD_PLUG_INFO_PATH to /home/agiuser/miniconda3/envs/artgym/opt/IsaacGym_Preview_TacSL_Package/isaacgym/python/isaacgym/_bindings/linux-x86_64/usd/plugInfo.json
PyTorch version 2.1.0+cu118
Device count 0
/home/agiuser/miniconda3/envs/artgym/opt/IsaacGym_Preview_TacSL_Package/isaacgym/python/isaacgym/_bindings/src/gymtorch
Using /home/agiuser/.cache/torch_extensions/py38_cu118 as PyTorch extensions root...
Emitting ninja build file /home/agiuser/.cache/torch_extensions/py38_cu118/gymtorch/build.ninja...
Building extension module gymtorch...
Allowing ninja to set a default number of workers... (overridable by setting the environment variable MAX_JOBS=N)
ninja: no work to do.
Loading extension module gymtorch...
Gym has been unmaintained since 2022 and does not support NumPy 2.0 amongst other critical functionality.
Please upgrade to Gymnasium, the maintained drop-in replacement of Gym, or contact the authors of your software and request that they upgrade.
Users of this version of Gym should be able to simply replace 'import gym' with 'import gymnasium as gym' in the vast majority of cases.
See the migration guide at https://gymnasium.farama.org/introduction/migration_guide/ for additional information.
/tmp/wuji-student-public-20261001-final/restored/scripts/wuji_goal_common.py:14: Hydra14MigrationWarning: 
version_base="1.1" selects Hydra 1.1 compatibility behavior.
Hydra 1.4 will remove this compatibility behavior.
Before upgrading to Hydra 1.4, set version_base="1.3" and test your application.
See https://hydra.cc/docs/upgrades/1.3_to_1.4/prepare_for_1_4/ for preparation instructions.
  with initialize_config_dir(version_base='1.1',config_dir=str(ROOT/'isaacgymenvs/cfg')):
build mlp: 21
build mlp: 21
build mlp: 512
build mlp: 512
RunningMeanStd:  (1,)
RunningMeanStd:  (137,)
=> loading checkpoint '/tmp/wuji-student-public-20261001-final/restored/runs/artmanip-recovery-20260930/aggregation1-pair6400/aggregate/E/epoch_006100.pth'
Using teacher exploration block 0 with id 50.0000
build mlp: 40
build mlp: 76
build mlp: 192
{"student_sha256": "16202c4ee4c60d37391108ebb9318fd9d4e1eb4cecbaef21965d5249f1328bf9", "probes_sha256": "237e95fbb863017d95a3ca9811ed895b131d5c31194c6fa242ab0736963bca5d", "snapshots": 30, "simultaneous_histories": 32, "states_per_history": 4, "action_and_all_rnn_exact_invariance": true, "actor_teacher_encoder_calls": 0, "fixed_policy_parameter_id": 50.0, "critic_receives_constant_normalized_dummy": true, "frozen_hash_unchanged": true, "scope": "CPU full get_action path on frozen nonconstant history snapshots, with recurrent state propagated from zero. No simulator or physical success claim; snapshots are not new independent trials."}
{"release": "https://github.com/Jr-kelly/artgym/releases/tag/wuji-unified-student-20261001-v1", "assets": 28, "videos": 4, "restored": true}
