[Warning] [carb] unknown type for the object '/home/wangjiarui/artgym-runtime/opt/IsaacGym_Preview_TacSL_Package/isaacgym/python/isaacgym/_bindings/linux-x86_64//libGLEW.so' {d_type = 0x00000000}
[Warning] [carb] unknown type for the object '/home/wangjiarui/artgym-runtime/opt/IsaacGym_Preview_TacSL_Package/isaacgym/python/isaacgym/_bindings/linux-x86_64//libGLEW.so.2.0' {d_type = 0x00000000}
[Warning] [carb] unknown type for the object '/home/wangjiarui/artgym-runtime/opt/IsaacGym_Preview_TacSL_Package/isaacgym/python/isaacgym/_bindings/linux-x86_64//libboost_atomic.so' {d_type = 0x00000000}
[Warning] [carb] unknown type for the object '/home/wangjiarui/artgym-runtime/opt/IsaacGym_Preview_TacSL_Package/isaacgym/python/isaacgym/_bindings/linux-x86_64//libboost_date_time.so' {d_type = 0x00000000}
[Warning] [carb] unknown type for the object '/home/wangjiarui/artgym-runtime/opt/IsaacGym_Preview_TacSL_Package/isaacgym/python/isaacgym/_bindings/linux-x86_64//libosdCPU.so' {d_type = 0x00000000}
[Warning] [carb] unknown type for the object '/home/wangjiarui/artgym-runtime/opt/IsaacGym_Preview_TacSL_Package/isaacgym/python/isaacgym/_bindings/linux-x86_64//libboost_python27.so' {d_type = 0x00000000}
[Warning] [carb] unknown type for the object '/home/wangjiarui/artgym-runtime/opt/IsaacGym_Preview_TacSL_Package/isaacgym/python/isaacgym/_bindings/linux-x86_64//libboost_system.so' {d_type = 0x00000000}
[Warning] [carb] unknown type for the object '/home/wangjiarui/artgym-runtime/opt/IsaacGym_Preview_TacSL_Package/isaacgym/python/isaacgym/_bindings/linux-x86_64//libboost_thread.so' {d_type = 0x00000000}
[Warning] [carb] unknown type for the object '/home/wangjiarui/artgym-runtime/opt/IsaacGym_Preview_TacSL_Package/isaacgym/python/isaacgym/_bindings/linux-x86_64//libembree.so' {d_type = 0x00000000}
[Warning] [carb] unknown type for the object '/home/wangjiarui/artgym-runtime/opt/IsaacGym_Preview_TacSL_Package/isaacgym/python/isaacgym/_bindings/linux-x86_64//libembree.so.2' {d_type = 0x00000000}
[Warning] [carb] unknown type for the object '/home/wangjiarui/artgym-runtime/opt/IsaacGym_Preview_TacSL_Package/isaacgym/python/isaacgym/_bindings/linux-x86_64//libosdGPU.so' {d_type = 0x00000000}
[Warning] [carb] unknown type for the object '/home/wangjiarui/artgym-runtime/opt/IsaacGym_Preview_TacSL_Package/isaacgym/python/isaacgym/_bindings/linux-x86_64//libboost_program_options.so' {d_type = 0x00000000}
[Warning] [carb] unknown type for the object '/home/wangjiarui/artgym-runtime/opt/IsaacGym_Preview_TacSL_Package/isaacgym/python/isaacgym/_bindings/linux-x86_64//libboost_python36.so' {d_type = 0x00000000}
[Warning] [carb] unknown type for the object '/home/wangjiarui/artgym-runtime/opt/IsaacGym_Preview_TacSL_Package/isaacgym/python/isaacgym/_bindings/linux-x86_64//libboost_regex.so' {d_type = 0x00000000}
[Warning] [carb] unknown type for the object '/home/wangjiarui/artgym-runtime/opt/IsaacGym_Preview_TacSL_Package/isaacgym/python/isaacgym/_bindings/linux-x86_64//libpython3.6m.so' {d_type = 0x00000000}
[Warning] [carb] unknown type for the object '/home/wangjiarui/artgym-runtime/opt/IsaacGym_Preview_TacSL_Package/isaacgym/python/isaacgym/_bindings/linux-x86_64//libboost_filesystem.so' {d_type = 0x00000000}
[Warning] [carb] unknown type for the object '/home/wangjiarui/artgym-runtime/opt/IsaacGym_Preview_TacSL_Package/isaacgym/python/isaacgym/_bindings/linux-x86_64//libjemalloc.so' {d_type = 0x00000000}
[Warning] [carb] unknown type for the object '/home/wangjiarui/artgym-runtime/opt/IsaacGym_Preview_TacSL_Package/isaacgym/python/isaacgym/_bindings/linux-x86_64//libGLEW.so' {d_type = 0x00000000}
[Warning] [carb] unknown type for the object '/home/wangjiarui/artgym-runtime/opt/IsaacGym_Preview_TacSL_Package/isaacgym/python/isaacgym/_bindings/linux-x86_64//libGLEW.so.2.0' {d_type = 0x00000000}
[Warning] [carb] unknown type for the object '/home/wangjiarui/artgym-runtime/opt/IsaacGym_Preview_TacSL_Package/isaacgym/python/isaacgym/_bindings/linux-x86_64//libboost_atomic.so' {d_type = 0x00000000}
[Warning] [carb] unknown type for the object '/home/wangjiarui/artgym-runtime/opt/IsaacGym_Preview_TacSL_Package/isaacgym/python/isaacgym/_bindings/linux-x86_64//libboost_date_time.so' {d_type = 0x00000000}
[Warning] [carb] unknown type for the object '/home/wangjiarui/artgym-runtime/opt/IsaacGym_Preview_TacSL_Package/isaacgym/python/isaacgym/_bindings/linux-x86_64//libosdCPU.so' {d_type = 0x00000000}
[Warning] [carb] unknown type for the object '/home/wangjiarui/artgym-runtime/opt/IsaacGym_Preview_TacSL_Package/isaacgym/python/isaacgym/_bindings/linux-x86_64//libboost_python27.so' {d_type = 0x00000000}
[Warning] [carb] unknown type for the object '/home/wangjiarui/artgym-runtime/opt/IsaacGym_Preview_TacSL_Package/isaacgym/python/isaacgym/_bindings/linux-x86_64//libboost_system.so' {d_type = 0x00000000}
[Warning] [carb] unknown type for the object '/home/wangjiarui/artgym-runtime/opt/IsaacGym_Preview_TacSL_Package/isaacgym/python/isaacgym/_bindings/linux-x86_64//libboost_thread.so' {d_type = 0x00000000}
[Warning] [carb] unknown type for the object '/home/wangjiarui/artgym-runtime/opt/IsaacGym_Preview_TacSL_Package/isaacgym/python/isaacgym/_bindings/linux-x86_64//libembree.so' {d_type = 0x00000000}
[Warning] [carb] unknown type for the object '/home/wangjiarui/artgym-runtime/opt/IsaacGym_Preview_TacSL_Package/isaacgym/python/isaacgym/_bindings/linux-x86_64//libembree.so.2' {d_type = 0x00000000}
[Warning] [carb] unknown type for the object '/home/wangjiarui/artgym-runtime/opt/IsaacGym_Preview_TacSL_Package/isaacgym/python/isaacgym/_bindings/linux-x86_64//libosdGPU.so' {d_type = 0x00000000}
[Warning] [carb] unknown type for the object '/home/wangjiarui/artgym-runtime/opt/IsaacGym_Preview_TacSL_Package/isaacgym/python/isaacgym/_bindings/linux-x86_64//libboost_program_options.so' {d_type = 0x00000000}
[Warning] [carb] unknown type for the object '/home/wangjiarui/artgym-runtime/opt/IsaacGym_Preview_TacSL_Package/isaacgym/python/isaacgym/_bindings/linux-x86_64//libboost_python36.so' {d_type = 0x00000000}
[Warning] [carb] unknown type for the object '/home/wangjiarui/artgym-runtime/opt/IsaacGym_Preview_TacSL_Package/isaacgym/python/isaacgym/_bindings/linux-x86_64//libboost_regex.so' {d_type = 0x00000000}
[Warning] [carb] unknown type for the object '/home/wangjiarui/artgym-runtime/opt/IsaacGym_Preview_TacSL_Package/isaacgym/python/isaacgym/_bindings/linux-x86_64//libpython3.6m.so' {d_type = 0x00000000}
[Warning] [carb] unknown type for the object '/home/wangjiarui/artgym-runtime/opt/IsaacGym_Preview_TacSL_Package/isaacgym/python/isaacgym/_bindings/linux-x86_64//libboost_filesystem.so' {d_type = 0x00000000}
[Warning] [carb] unknown type for the object '/home/wangjiarui/artgym-runtime/opt/IsaacGym_Preview_TacSL_Package/isaacgym/python/isaacgym/_bindings/linux-x86_64//libjemalloc.so' {d_type = 0x00000000}
[Warning] [carb] unknown type for the object '/home/wangjiarui/artgym-runtime/opt/IsaacGym_Preview_TacSL_Package/isaacgym/python/isaacgym/_bindings/linux-x86_64//libGLEW.so' {d_type = 0x00000000}
[Warning] [carb] unknown type for the object '/home/wangjiarui/artgym-runtime/opt/IsaacGym_Preview_TacSL_Package/isaacgym/python/isaacgym/_bindings/linux-x86_64//libGLEW.so.2.0' {d_type = 0x00000000}
[Warning] [carb] unknown type for the object '/home/wangjiarui/artgym-runtime/opt/IsaacGym_Preview_TacSL_Package/isaacgym/python/isaacgym/_bindings/linux-x86_64//libboost_atomic.so' {d_type = 0x00000000}
[Warning] [carb] unknown type for the object '/home/wangjiarui/artgym-runtime/opt/IsaacGym_Preview_TacSL_Package/isaacgym/python/isaacgym/_bindings/linux-x86_64//libboost_date_time.so' {d_type = 0x00000000}
[Warning] [carb] unknown type for the object '/home/wangjiarui/artgym-runtime/opt/IsaacGym_Preview_TacSL_Package/isaacgym/python/isaacgym/_bindings/linux-x86_64//libosdCPU.so' {d_type = 0x00000000}
[Warning] [carb] unknown type for the object '/home/wangjiarui/artgym-runtime/opt/IsaacGym_Preview_TacSL_Package/isaacgym/python/isaacgym/_bindings/linux-x86_64//libboost_python27.so' {d_type = 0x00000000}
[Warning] [carb] unknown type for the object '/home/wangjiarui/artgym-runtime/opt/IsaacGym_Preview_TacSL_Package/isaacgym/python/isaacgym/_bindings/linux-x86_64//libboost_system.so' {d_type = 0x00000000}
[Warning] [carb] unknown type for the object '/home/wangjiarui/artgym-runtime/opt/IsaacGym_Preview_TacSL_Package/isaacgym/python/isaacgym/_bindings/linux-x86_64//libboost_thread.so' {d_type = 0x00000000}
[Warning] [carb] unknown type for the object '/home/wangjiarui/artgym-runtime/opt/IsaacGym_Preview_TacSL_Package/isaacgym/python/isaacgym/_bindings/linux-x86_64//libembree.so' {d_type = 0x00000000}
[Warning] [carb] unknown type for the object '/home/wangjiarui/artgym-runtime/opt/IsaacGym_Preview_TacSL_Package/isaacgym/python/isaacgym/_bindings/linux-x86_64//libembree.so.2' {d_type = 0x00000000}
[Warning] [carb] unknown type for the object '/home/wangjiarui/artgym-runtime/opt/IsaacGym_Preview_TacSL_Package/isaacgym/python/isaacgym/_bindings/linux-x86_64//libosdGPU.so' {d_type = 0x00000000}
[Warning] [carb] unknown type for the object '/home/wangjiarui/artgym-runtime/opt/IsaacGym_Preview_TacSL_Package/isaacgym/python/isaacgym/_bindings/linux-x86_64//libboost_program_options.so' {d_type = 0x00000000}
[Warning] [carb] unknown type for the object '/home/wangjiarui/artgym-runtime/opt/IsaacGym_Preview_TacSL_Package/isaacgym/python/isaacgym/_bindings/linux-x86_64//libboost_python36.so' {d_type = 0x00000000}
[Warning] [carb] unknown type for the object '/home/wangjiarui/artgym-runtime/opt/IsaacGym_Preview_TacSL_Package/isaacgym/python/isaacgym/_bindings/linux-x86_64//libboost_regex.so' {d_type = 0x00000000}
[Warning] [carb] unknown type for the object '/home/wangjiarui/artgym-runtime/opt/IsaacGym_Preview_TacSL_Package/isaacgym/python/isaacgym/_bindings/linux-x86_64//libpython3.6m.so' {d_type = 0x00000000}
[Warning] [carb] unknown type for the object '/home/wangjiarui/artgym-runtime/opt/IsaacGym_Preview_TacSL_Package/isaacgym/python/isaacgym/_bindings/linux-x86_64//libboost_filesystem.so' {d_type = 0x00000000}
[Warning] [carb] unknown type for the object '/home/wangjiarui/artgym-runtime/opt/IsaacGym_Preview_TacSL_Package/isaacgym/python/isaacgym/_bindings/linux-x86_64//libjemalloc.so' {d_type = 0x00000000}
[Warning] [carb] unknown type for the object '/home/wangjiarui/artgym-runtime/opt/IsaacGym_Preview_TacSL_Package/isaacgym/python/isaacgym/_bindings/linux-x86_64//libGLEW.so' {d_type = 0x00000000}
[Warning] [carb] unknown type for the object '/home/wangjiarui/artgym-runtime/opt/IsaacGym_Preview_TacSL_Package/isaacgym/python/isaacgym/_bindings/linux-x86_64//libGLEW.so.2.0' {d_type = 0x00000000}
[Warning] [carb] unknown type for the object '/home/wangjiarui/artgym-runtime/opt/IsaacGym_Preview_TacSL_Package/isaacgym/python/isaacgym/_bindings/linux-x86_64//libboost_atomic.so' {d_type = 0x00000000}
[Warning] [carb] unknown type for the object '/home/wangjiarui/artgym-runtime/opt/IsaacGym_Preview_TacSL_Package/isaacgym/python/isaacgym/_bindings/linux-x86_64//libboost_date_time.so' {d_type = 0x00000000}
[Warning] [carb] unknown type for the object '/home/wangjiarui/artgym-runtime/opt/IsaacGym_Preview_TacSL_Package/isaacgym/python/isaacgym/_bindings/linux-x86_64//libosdCPU.so' {d_type = 0x00000000}
[Warning] [carb] unknown type for the object '/home/wangjiarui/artgym-runtime/opt/IsaacGym_Preview_TacSL_Package/isaacgym/python/isaacgym/_bindings/linux-x86_64//libboost_python27.so' {d_type = 0x00000000}
[Warning] [carb] unknown type for the object '/home/wangjiarui/artgym-runtime/opt/IsaacGym_Preview_TacSL_Package/isaacgym/python/isaacgym/_bindings/linux-x86_64//libboost_system.so' {d_type = 0x00000000}
[Warning] [carb] unknown type for the object '/home/wangjiarui/artgym-runtime/opt/IsaacGym_Preview_TacSL_Package/isaacgym/python/isaacgym/_bindings/linux-x86_64//libboost_thread.so' {d_type = 0x00000000}
[Warning] [carb] unknown type for the object '/home/wangjiarui/artgym-runtime/opt/IsaacGym_Preview_TacSL_Package/isaacgym/python/isaacgym/_bindings/linux-x86_64//libembree.so' {d_type = 0x00000000}
[Warning] [carb] unknown type for the object '/home/wangjiarui/artgym-runtime/opt/IsaacGym_Preview_TacSL_Package/isaacgym/python/isaacgym/_bindings/linux-x86_64//libembree.so.2' {d_type = 0x00000000}
[Warning] [carb] unknown type for the object '/home/wangjiarui/artgym-runtime/opt/IsaacGym_Preview_TacSL_Package/isaacgym/python/isaacgym/_bindings/linux-x86_64//libosdGPU.so' {d_type = 0x00000000}
[Warning] [carb] unknown type for the object '/home/wangjiarui/artgym-runtime/opt/IsaacGym_Preview_TacSL_Package/isaacgym/python/isaacgym/_bindings/linux-x86_64//libboost_program_options.so' {d_type = 0x00000000}
[Warning] [carb] unknown type for the object '/home/wangjiarui/artgym-runtime/opt/IsaacGym_Preview_TacSL_Package/isaacgym/python/isaacgym/_bindings/linux-x86_64//libboost_python36.so' {d_type = 0x00000000}
[Warning] [carb] unknown type for the object '/home/wangjiarui/artgym-runtime/opt/IsaacGym_Preview_TacSL_Package/isaacgym/python/isaacgym/_bindings/linux-x86_64//libboost_regex.so' {d_type = 0x00000000}
[Warning] [carb] unknown type for the object '/home/wangjiarui/artgym-runtime/opt/IsaacGym_Preview_TacSL_Package/isaacgym/python/isaacgym/_bindings/linux-x86_64//libpython3.6m.so' {d_type = 0x00000000}
[Warning] [carb] unknown type for the object '/home/wangjiarui/artgym-runtime/opt/IsaacGym_Preview_TacSL_Package/isaacgym/python/isaacgym/_bindings/linux-x86_64//libboost_filesystem.so' {d_type = 0x00000000}
[Warning] [carb] unknown type for the object '/home/wangjiarui/artgym-runtime/opt/IsaacGym_Preview_TacSL_Package/isaacgym/python/isaacgym/_bindings/linux-x86_64//libjemalloc.so' {d_type = 0x00000000}
[Warning] [carb] unknown type for the object '/home/wangjiarui/artgym-runtime/opt/IsaacGym_Preview_TacSL_Package/isaacgym/python/isaacgym/_bindings/linux-x86_64//libGLEW.so' {d_type = 0x00000000}
[Warning] [carb] unknown type for the object '/home/wangjiarui/artgym-runtime/opt/IsaacGym_Preview_TacSL_Package/isaacgym/python/isaacgym/_bindings/linux-x86_64//libGLEW.so.2.0' {d_type = 0x00000000}
[Warning] [carb] unknown type for the object '/home/wangjiarui/artgym-runtime/opt/IsaacGym_Preview_TacSL_Package/isaacgym/python/isaacgym/_bindings/linux-x86_64//libboost_atomic.so' {d_type = 0x00000000}
[Warning] [carb] unknown type for the object '/home/wangjiarui/artgym-runtime/opt/IsaacGym_Preview_TacSL_Package/isaacgym/python/isaacgym/_bindings/linux-x86_64//libboost_date_time.so' {d_type = 0x00000000}
[Warning] [carb] unknown type for the object '/home/wangjiarui/artgym-runtime/opt/IsaacGym_Preview_TacSL_Package/isaacgym/python/isaacgym/_bindings/linux-x86_64//libosdCPU.so' {d_type = 0x00000000}
[Warning] [carb] unknown type for the object '/home/wangjiarui/artgym-runtime/opt/IsaacGym_Preview_TacSL_Package/isaacgym/python/isaacgym/_bindings/linux-x86_64//libboost_python27.so' {d_type = 0x00000000}
[Warning] [carb] unknown type for the object '/home/wangjiarui/artgym-runtime/opt/IsaacGym_Preview_TacSL_Package/isaacgym/python/isaacgym/_bindings/linux-x86_64//libboost_system.so' {d_type = 0x00000000}
[Warning] [carb] unknown type for the object '/home/wangjiarui/artgym-runtime/opt/IsaacGym_Preview_TacSL_Package/isaacgym/python/isaacgym/_bindings/linux-x86_64//libboost_thread.so' {d_type = 0x00000000}
[Warning] [carb] unknown type for the object '/home/wangjiarui/artgym-runtime/opt/IsaacGym_Preview_TacSL_Package/isaacgym/python/isaacgym/_bindings/linux-x86_64//libembree.so' {d_type = 0x00000000}
[Warning] [carb] unknown type for the object '/home/wangjiarui/artgym-runtime/opt/IsaacGym_Preview_TacSL_Package/isaacgym/python/isaacgym/_bindings/linux-x86_64//libembree.so.2' {d_type = 0x00000000}
[Warning] [carb] unknown type for the object '/home/wangjiarui/artgym-runtime/opt/IsaacGym_Preview_TacSL_Package/isaacgym/python/isaacgym/_bindings/linux-x86_64//libosdGPU.so' {d_type = 0x00000000}
[Warning] [carb] unknown type for the object '/home/wangjiarui/artgym-runtime/opt/IsaacGym_Preview_TacSL_Package/isaacgym/python/isaacgym/_bindings/linux-x86_64//libboost_program_options.so' {d_type = 0x00000000}
[Warning] [carb] unknown type for the object '/home/wangjiarui/artgym-runtime/opt/IsaacGym_Preview_TacSL_Package/isaacgym/python/isaacgym/_bindings/linux-x86_64//libbooImporting module 'gym_38' (/home/wangjiarui/artgym-runtime/opt/IsaacGym_Preview_TacSL_Package/isaacgym/python/isaacgym/_bindings/linux-x86_64/gym_38.so)
Setting GYM_USD_PLUG_INFO_PATH to /home/wangjiarui/artgym-runtime/opt/IsaacGym_Preview_TacSL_Package/isaacgym/python/isaacgym/_bindings/linux-x86_64/usd/plugInfo.json
PyTorch version 2.1.0+cu118
Device count 1
/home/wangjiarui/artgym-runtime/opt/IsaacGym_Preview_TacSL_Package/isaacgym/python/isaacgym/_bindings/src/gymtorch
build mlp: 21
build mlp: 21
build mlp: 512
build mlp: 512
RunningMeanStd:  (1,)
RunningMeanStd:  (137,)
=> loading checkpoint '/home/wangjiarui/artgym-newknife-20261005/runs/artmanip-recovery-20260930/aggregation1-pair6400/aggregate/E/epoch_006100.pth'
Using teacher exploration block 0 with id 50.0000
build mlp: 40
build mlp: 76
build mlp: 192
{"physx_max_gpu_contact_pairs": 1048576, "physx_buffer_multiplier": 2.0}
st_python36.so' {d_type = 0x00000000}
[Warning] [carb] unknown type for the object '/home/wangjiarui/artgym-runtime/opt/IsaacGym_Preview_TacSL_Package/isaacgym/python/isaacgym/_bindings/linux-x86_64//libboost_regex.so' {d_type = 0x00000000}
[Warning] [carb] unknown type for the object '/home/wangjiarui/artgym-runtime/opt/IsaacGym_Preview_TacSL_Package/isaacgym/python/isaacgym/_bindings/linux-x86_64//libpython3.6m.so' {d_type = 0x00000000}
[Warning] [carb] unknown type for the object '/home/wangjiarui/artgym-runtime/opt/IsaacGym_Preview_TacSL_Package/isaacgym/python/isaacgym/_bindings/linux-x86_64//libboost_filesystem.so' {d_type = 0x00000000}
[Warning] [carb] unknown type for the object '/home/wangjiarui/artgym-runtime/opt/IsaacGym_Preview_TacSL_Package/isaacgym/python/isaacgym/_bindings/linux-x86_64//libjemalloc.so' {d_type = 0x00000000}
Not connected to PVD
+++ Using GPU PhysX
Physics Engine: PhysX
Physics Device: cuda:0
GPU Pipeline: enabled
{"scene_layout": [{"env": 0, "origin": [0.0, 0.0, 0.0], "robot_actor": 0, "knife_actor": 2, "robot_dof_start": 0, "knife_dof": 27, "robot_rb_start": 0, "knife_rb_start": 89}, {"env": 1, "origin": [0.0, 0.0, 0.0], "robot_actor": 3, "knife_actor": 5, "robot_dof_start": 28, "knife_dof": 55, "robot_rb_start": 91, "knife_rb_start": 180}, {"env": 2, "origin": [0.0, 0.0, 0.0], "robot_actor": 6, "knife_actor": 8, "robot_dof_start": 56, "knife_dof": 83, "robot_rb_start": 182, "knife_rb_start": 271}, {"env": 3, "origin": [0.0, 0.0, 0.0], "robot_actor": 9, "knife_actor": 11, "robot_dof_start": 84, "knife_dof": 111, "robot_rb_start": 273, "knife_rb_start": 362}, {"env": 4, "origin": [0.0, 0.0, 0.0], "robot_actor": 12, "knife_actor": 14, "robot_dof_start": 112, "knife_dof": 139, "robot_rb_start": 364, "knife_rb_start": 453}, {"env": 5, "origin": [0.0, 0.0, 0.0], "robot_actor": 15, "knife_actor": 17, "robot_dof_start": 140, "knife_dof": 167, "robot_rb_start": 455, "knife_rb_start": 544}, {"env": 6, "origin": [0.0, 0.0, 0.0], "robot_actor": 18, "knife_actor": 20, "robot_dof_start": 168, "knife_dof": 195, "robot_rb_start": 546, "knife_rb_start": 635}, {"env": 7, "origin": [0.0, 0.0, 0.0], "robot_actor": 21, "knife_actor": 23, "robot_dof_start": 196, "knife_dof": 223, "robot_rb_start": 637, "knife_rb_start": 726}], "robot_body_count": 88}
{"initial_actor_roots": [[[2.3283064365386963e-10, 4.656612873077393e-10, 7.450580596923828e-09, -1.0374722999098585e-12, -1.7024502640961003e-10, -5.216884866807159e-13, 1.0], [0.6000000238418579, -0.23000000417232513, 0.7250000238418579, 0.0, 0.0, 0.0, 1.0], [0.3700000047683716, -0.5695000290870667, 0.7539297938346863, 0.6532814502716064, 0.27059802412986755, 0.27059808373451233, 0.6532814502716064]], [[2.3283064365386963e-10, 4.656612873077393e-10, 7.450580596923828e-09, -1.0374722999098585e-12, -1.7024502640961003e-10, -5.216884866807159e-13, 1.0], [0.6000000238418579, -0.23000000417232513, 0.7250000238418579, 0.0, 0.0, 0.0, 1.0], [0.3700000047683716, -0.5695000290870667, 0.7539297938346863, 0.6532814502716064, 0.27059802412986755, 0.27059808373451233, 0.6532814502716064]]], "origins": [[0.0, 0.0, 0.0], [0.0, 0.0, 0.0]]}
{"prefix_frame": 0, "object": [0.37000003457069397, -0.5695000290870667, 0.752000093460083, 0.6532815098762512, 0.2705979645252228, 0.27059832215309143, 0.6532813310623169], "arm_error": 0.0}
{"prefix_frame": 150, "object": [0.32093745470046997, -0.6028502583503723, 0.7520000338554382, 0.7067731022834778, 0.021701853722333908, 0.021703310310840607, 0.7067740559577942], "arm_error": 0.0029765963554382324}
{"prefix_frame": 300, "object": [0.3094215989112854, -0.6044214963912964, 0.7520000338554382, 0.7063935995101929, -0.03175697848200798, -0.03175527974963188, 0.7063930630683899], "arm_error": 0.0026756227016448975}
{"prefix_frame": 450, "object": [0.3094216287136078, -0.6044214963912964, 0.7519999146461487, 0.706393301486969, -0.03175648674368858, -0.03175602853298187, 0.7063932418823242], "arm_error": 0.010797500610351562}
{"prefix_frame": 600, "object": [0.309421569108963, -0.6044214963912964, 0.7519999146461487, 0.7063934206962585, -0.031756140291690826, -0.03175624832510948, 0.7063931822776794], "arm_error": 0.003362417221069336}
{"prefix_frame": 750, "object": [0.3094216287136078, -0.6044214963912964, 0.7519999146461487, 0.7063934206962585, -0.03175681456923485, -0.03175552934408188, 0.7063931822776794], "arm_error": 0.009651780128479004}
{"prefix_frame": 900, "object": [0.3094215989112854, -0.6044214963912964, 0.7519999146461487, 0.7063934803009033, -0.0317569375038147, -0.03175562992691994, 0.7063931822776794], "arm_error": 3.8743019104003906e-05}
Using /home/wangjiarui/.cache/torch_extensions/py38_cu118 as PyTorch extensions root...
Loading extension module gymtorch...
Gym has been unmaintained since 2022 and does not support NumPy 2.0 amongst other critical functionality.
Please upgrade to Gymnasium, the maintained drop-in replacement of Gym, or contact the authors of your software and request that they upgrade.
Users of this version of Gym should be able to simply replace 'import gym' with 'import gymnasium as gym' in the vast majority of cases.
See the migration guide at https://gymnasium.farama.org/introduction/migration_guide/ for additional information.
/home/wangjiarui/artgym-newknife-20261005/scripts/wuji_goal_common.py:14: Hydra14MigrationWarning: 
version_base="1.1" selects Hydra 1.1 compatibility behavior.
Hydra 1.4 will remove this compatibility behavior.
Before upgrading to Hydra 1.4, set version_base="1.3" and test your application.
See https://hydra.cc/docs/upgrades/1.3_to_1.4/prepare_for_1_4/ for preparation instructions.
  with initialize_config_dir(version_base='1.1',config_dir=str(ROOT/'isaacgymenvs/cfg')):
/builds/omniverse/physics/physx/source/gpubroadphase/src/PxgAABBManager.cpp (1299) : invalid parameter : The application needs to increase PxGpuDynamicsMemoryConfig::foundLostAggregatePairsCapacity to 11293056, otherwise, the simulation will miss interactions

